------------------------------------------------------------
TimeQuest Timing Analyzer Summary
------------------------------------------------------------

Type  : Slow 1200mV 85C Model Setup 'CLOCK_50'
Slack : -7.170
TNS   : -353.322

Type  : Slow 1200mV 85C Model Setup 'rate_divider:bee0_rd|count[0]'
Slack : -3.292
TNS   : -9.485

Type  : Slow 1200mV 85C Model Setup 'datapath:bee0_data|writeEn'
Slack : -2.843
TNS   : -38.508

Type  : Slow 1200mV 85C Model Setup 'VGA|mypll|altpll_component|pll|clk[0]'
Slack : 33.173
TNS   : 0.000

Type  : Slow 1200mV 85C Model Hold 'rate_divider:bee0_rd|count[0]'
Slack : -0.546
TNS   : -1.302

Type  : Slow 1200mV 85C Model Hold 'datapath:bee0_data|writeEn'
Slack : 0.095
TNS   : 0.000

Type  : Slow 1200mV 85C Model Hold 'CLOCK_50'
Slack : 0.402
TNS   : 0.000

Type  : Slow 1200mV 85C Model Hold 'VGA|mypll|altpll_component|pll|clk[0]'
Slack : 0.402
TNS   : 0.000

Type  : Slow 1200mV 85C Model Minimum Pulse Width 'rate_divider:bee0_rd|count[0]'
Slack : -1.285
TNS   : -7.710

Type  : Slow 1200mV 85C Model Minimum Pulse Width 'datapath:bee0_data|writeEn'
Slack : 0.472
TNS   : 0.000

Type  : Slow 1200mV 85C Model Minimum Pulse Width 'CLOCK_50'
Slack : 9.547
TNS   : 0.000

Type  : Slow 1200mV 85C Model Minimum Pulse Width 'VGA|mypll|altpll_component|pll|clk[0]'
Slack : 19.710
TNS   : 0.000

Type  : Slow 1200mV 0C Model Setup 'CLOCK_50'
Slack : -6.406
TNS   : -315.070

Type  : Slow 1200mV 0C Model Setup 'rate_divider:bee0_rd|count[0]'
Slack : -2.887
TNS   : -8.219

Type  : Slow 1200mV 0C Model Setup 'datapath:bee0_data|writeEn'
Slack : -2.624
TNS   : -35.918

Type  : Slow 1200mV 0C Model Setup 'VGA|mypll|altpll_component|pll|clk[0]'
Slack : 33.819
TNS   : 0.000

Type  : Slow 1200mV 0C Model Hold 'rate_divider:bee0_rd|count[0]'
Slack : -0.438
TNS   : -1.007

Type  : Slow 1200mV 0C Model Hold 'datapath:bee0_data|writeEn'
Slack : 0.210
TNS   : 0.000

Type  : Slow 1200mV 0C Model Hold 'CLOCK_50'
Slack : 0.353
TNS   : 0.000

Type  : Slow 1200mV 0C Model Hold 'VGA|mypll|altpll_component|pll|clk[0]'
Slack : 0.353
TNS   : 0.000

Type  : Slow 1200mV 0C Model Minimum Pulse Width 'rate_divider:bee0_rd|count[0]'
Slack : -1.285
TNS   : -7.710

Type  : Slow 1200mV 0C Model Minimum Pulse Width 'datapath:bee0_data|writeEn'
Slack : 0.384
TNS   : 0.000

Type  : Slow 1200mV 0C Model Minimum Pulse Width 'CLOCK_50'
Slack : 9.557
TNS   : 0.000

Type  : Slow 1200mV 0C Model Minimum Pulse Width 'VGA|mypll|altpll_component|pll|clk[0]'
Slack : 19.711
TNS   : 0.000

Type  : Fast 1200mV 0C Model Setup 'CLOCK_50'
Slack : -3.524
TNS   : -156.561

Type  : Fast 1200mV 0C Model Setup 'rate_divider:bee0_rd|count[0]'
Slack : -1.582
TNS   : -3.364

Type  : Fast 1200mV 0C Model Setup 'datapath:bee0_data|writeEn'
Slack : -0.968
TNS   : -11.433

Type  : Fast 1200mV 0C Model Setup 'VGA|mypll|altpll_component|pll|clk[0]'
Slack : 36.687
TNS   : 0.000

Type  : Fast 1200mV 0C Model Hold 'rate_divider:bee0_rd|count[0]'
Slack : -0.091
TNS   : -0.160

Type  : Fast 1200mV 0C Model Hold 'datapath:bee0_data|writeEn'
Slack : 0.016
TNS   : 0.000

Type  : Fast 1200mV 0C Model Hold 'CLOCK_50'
Slack : 0.181
TNS   : 0.000

Type  : Fast 1200mV 0C Model Hold 'VGA|mypll|altpll_component|pll|clk[0]'
Slack : 0.181
TNS   : 0.000

Type  : Fast 1200mV 0C Model Minimum Pulse Width 'rate_divider:bee0_rd|count[0]'
Slack : -1.000
TNS   : -6.000

Type  : Fast 1200mV 0C Model Minimum Pulse Width 'datapath:bee0_data|writeEn'
Slack : 0.314
TNS   : 0.000

Type  : Fast 1200mV 0C Model Minimum Pulse Width 'CLOCK_50'
Slack : 9.199
TNS   : 0.000

Type  : Fast 1200mV 0C Model Minimum Pulse Width 'VGA|mypll|altpll_component|pll|clk[0]'
Slack : 19.754
TNS   : 0.000

------------------------------------------------------------
