------------------------------------------------------------
TimeQuest Timing Analyzer Summary
------------------------------------------------------------

Type  : Slow 1200mV 85C Model Setup 'CLOCK_50'
Slack : -8.291
TNS   : -651.941

Type  : Slow 1200mV 85C Model Setup 'datapath:bee0_data|writeEn'
Slack : -6.460
TNS   : -108.160

Type  : Slow 1200mV 85C Model Setup 'rate_divider:bee0_rd|count[0]'
Slack : -0.888
TNS   : -10.088

Type  : Slow 1200mV 85C Model Setup 'VGA|mypll|altpll_component|pll|clk[0]'
Slack : 33.422
TNS   : 0.000

Type  : Slow 1200mV 85C Model Hold 'rate_divider:bee0_rd|count[0]'
Slack : -0.688
TNS   : -6.129

Type  : Slow 1200mV 85C Model Hold 'datapath:bee0_data|writeEn'
Slack : -0.139
TNS   : -0.151

Type  : Slow 1200mV 85C Model Hold 'CLOCK_50'
Slack : 0.385
TNS   : 0.000

Type  : Slow 1200mV 85C Model Hold 'VGA|mypll|altpll_component|pll|clk[0]'
Slack : 0.402
TNS   : 0.000

Type  : Slow 1200mV 85C Model Minimum Pulse Width 'rate_divider:bee0_rd|count[0]'
Slack : -1.285
TNS   : -20.560

Type  : Slow 1200mV 85C Model Minimum Pulse Width 'datapath:bee0_data|writeEn'
Slack : 0.416
TNS   : 0.000

Type  : Slow 1200mV 85C Model Minimum Pulse Width 'CLOCK_50'
Slack : 9.553
TNS   : 0.000

Type  : Slow 1200mV 85C Model Minimum Pulse Width 'VGA|mypll|altpll_component|pll|clk[0]'
Slack : 19.711
TNS   : 0.000

Type  : Slow 1200mV 0C Model Setup 'CLOCK_50'
Slack : -7.504
TNS   : -585.528

Type  : Slow 1200mV 0C Model Setup 'datapath:bee0_data|writeEn'
Slack : -6.104
TNS   : -101.708

Type  : Slow 1200mV 0C Model Setup 'rate_divider:bee0_rd|count[0]'
Slack : -0.781
TNS   : -7.911

Type  : Slow 1200mV 0C Model Setup 'VGA|mypll|altpll_component|pll|clk[0]'
Slack : 34.062
TNS   : 0.000

Type  : Slow 1200mV 0C Model Hold 'rate_divider:bee0_rd|count[0]'
Slack : -0.693
TNS   : -6.197

Type  : Slow 1200mV 0C Model Hold 'datapath:bee0_data|writeEn'
Slack : -0.030
TNS   : -0.060

Type  : Slow 1200mV 0C Model Hold 'CLOCK_50'
Slack : 0.338
TNS   : 0.000

Type  : Slow 1200mV 0C Model Hold 'VGA|mypll|altpll_component|pll|clk[0]'
Slack : 0.353
TNS   : 0.000

Type  : Slow 1200mV 0C Model Minimum Pulse Width 'rate_divider:bee0_rd|count[0]'
Slack : -1.285
TNS   : -20.560

Type  : Slow 1200mV 0C Model Minimum Pulse Width 'datapath:bee0_data|writeEn'
Slack : 0.429
TNS   : 0.000

Type  : Slow 1200mV 0C Model Minimum Pulse Width 'CLOCK_50'
Slack : 9.560
TNS   : 0.000

Type  : Slow 1200mV 0C Model Minimum Pulse Width 'VGA|mypll|altpll_component|pll|clk[0]'
Slack : 19.711
TNS   : 0.000

Type  : Fast 1200mV 0C Model Setup 'CLOCK_50'
Slack : -3.959
TNS   : -293.859

Type  : Fast 1200mV 0C Model Setup 'datapath:bee0_data|writeEn'
Slack : -2.984
TNS   : -48.685

Type  : Fast 1200mV 0C Model Setup 'rate_divider:bee0_rd|count[0]'
Slack : -0.268
TNS   : -1.983

Type  : Fast 1200mV 0C Model Setup 'VGA|mypll|altpll_component|pll|clk[0]'
Slack : 36.772
TNS   : 0.000

Type  : Fast 1200mV 0C Model Hold 'datapath:bee0_data|writeEn'
Slack : -0.376
TNS   : -0.716

Type  : Fast 1200mV 0C Model Hold 'rate_divider:bee0_rd|count[0]'
Slack : -0.130
TNS   : -0.521

Type  : Fast 1200mV 0C Model Hold 'CLOCK_50'
Slack : 0.174
TNS   : 0.000

Type  : Fast 1200mV 0C Model Hold 'VGA|mypll|altpll_component|pll|clk[0]'
Slack : 0.181
TNS   : 0.000

Type  : Fast 1200mV 0C Model Minimum Pulse Width 'rate_divider:bee0_rd|count[0]'
Slack : -1.000
TNS   : -16.256

Type  : Fast 1200mV 0C Model Minimum Pulse Width 'datapath:bee0_data|writeEn'
Slack : 0.345
TNS   : 0.000

Type  : Fast 1200mV 0C Model Minimum Pulse Width 'CLOCK_50'
Slack : 9.200
TNS   : 0.000

Type  : Fast 1200mV 0C Model Minimum Pulse Width 'VGA|mypll|altpll_component|pll|clk[0]'
Slack : 19.754
TNS   : 0.000

------------------------------------------------------------
