------------------------------------------------------------
TimeQuest Timing Analyzer Summary
------------------------------------------------------------

Type  : Slow 1200mV 85C Model Setup 'CLOCK_50'
Slack : -9.454
TNS   : -844.107

Type  : Slow 1200mV 85C Model Setup 'datapath:bee0_data|writeEn'
Slack : -7.251
TNS   : -111.919

Type  : Slow 1200mV 85C Model Setup 'rate_divider:bee0_rd|count[0]'
Slack : -1.014
TNS   : -15.122

Type  : Slow 1200mV 85C Model Setup 'VGA|mypll|altpll_component|pll|clk[0]'
Slack : 32.249
TNS   : 0.000

Type  : Slow 1200mV 85C Model Hold 'rate_divider:bee0_rd|count[0]'
Slack : -0.994
TNS   : -9.907

Type  : Slow 1200mV 85C Model Hold 'datapath:bee0_data|writeEn'
Slack : -0.425
TNS   : -0.425

Type  : Slow 1200mV 85C Model Hold 'CLOCK_50'
Slack : 0.402
TNS   : 0.000

Type  : Slow 1200mV 85C Model Hold 'VGA|mypll|altpll_component|pll|clk[0]'
Slack : 0.402
TNS   : 0.000

Type  : Slow 1200mV 85C Model Minimum Pulse Width 'rate_divider:bee0_rd|count[0]'
Slack : -1.285
TNS   : -30.840

Type  : Slow 1200mV 85C Model Minimum Pulse Width 'datapath:bee0_data|writeEn'
Slack : 0.284
TNS   : 0.000

Type  : Slow 1200mV 85C Model Minimum Pulse Width 'CLOCK_50'
Slack : 9.549
TNS   : 0.000

Type  : Slow 1200mV 85C Model Minimum Pulse Width 'VGA|mypll|altpll_component|pll|clk[0]'
Slack : 19.708
TNS   : 0.000

Type  : Slow 1200mV 0C Model Setup 'CLOCK_50'
Slack : -8.498
TNS   : -762.134

Type  : Slow 1200mV 0C Model Setup 'datapath:bee0_data|writeEn'
Slack : -6.862
TNS   : -105.792

Type  : Slow 1200mV 0C Model Setup 'rate_divider:bee0_rd|count[0]'
Slack : -0.892
TNS   : -12.241

Type  : Slow 1200mV 0C Model Setup 'VGA|mypll|altpll_component|pll|clk[0]'
Slack : 32.924
TNS   : 0.000

Type  : Slow 1200mV 0C Model Hold 'rate_divider:bee0_rd|count[0]'
Slack : -0.984
TNS   : -9.813

Type  : Slow 1200mV 0C Model Hold 'datapath:bee0_data|writeEn'
Slack : -0.367
TNS   : -0.367

Type  : Slow 1200mV 0C Model Hold 'CLOCK_50'
Slack : 0.353
TNS   : 0.000

Type  : Slow 1200mV 0C Model Hold 'VGA|mypll|altpll_component|pll|clk[0]'
Slack : 0.354
TNS   : 0.000

Type  : Slow 1200mV 0C Model Minimum Pulse Width 'rate_divider:bee0_rd|count[0]'
Slack : -1.285
TNS   : -30.840

Type  : Slow 1200mV 0C Model Minimum Pulse Width 'datapath:bee0_data|writeEn'
Slack : 0.352
TNS   : 0.000

Type  : Slow 1200mV 0C Model Minimum Pulse Width 'CLOCK_50'
Slack : 9.559
TNS   : 0.000

Type  : Slow 1200mV 0C Model Minimum Pulse Width 'VGA|mypll|altpll_component|pll|clk[0]'
Slack : 19.710
TNS   : 0.000

Type  : Fast 1200mV 0C Model Setup 'CLOCK_50'
Slack : -4.673
TNS   : -371.821

Type  : Fast 1200mV 0C Model Setup 'datapath:bee0_data|writeEn'
Slack : -3.478
TNS   : -52.448

Type  : Fast 1200mV 0C Model Setup 'rate_divider:bee0_rd|count[0]'
Slack : -0.356
TNS   : -3.161

Type  : Fast 1200mV 0C Model Setup 'VGA|mypll|altpll_component|pll|clk[0]'
Slack : 36.192
TNS   : 0.000

Type  : Fast 1200mV 0C Model Hold 'datapath:bee0_data|writeEn'
Slack : -0.308
TNS   : -0.308

Type  : Fast 1200mV 0C Model Hold 'rate_divider:bee0_rd|count[0]'
Slack : -0.293
TNS   : -1.825

Type  : Fast 1200mV 0C Model Hold 'CLOCK_50'
Slack : 0.165
TNS   : 0.000

Type  : Fast 1200mV 0C Model Hold 'VGA|mypll|altpll_component|pll|clk[0]'
Slack : 0.181
TNS   : 0.000

Type  : Fast 1200mV 0C Model Minimum Pulse Width 'rate_divider:bee0_rd|count[0]'
Slack : -1.000
TNS   : -24.000

Type  : Fast 1200mV 0C Model Minimum Pulse Width 'datapath:bee0_data|writeEn'
Slack : 0.274
TNS   : 0.000

Type  : Fast 1200mV 0C Model Minimum Pulse Width 'CLOCK_50'
Slack : 9.199
TNS   : 0.000

Type  : Fast 1200mV 0C Model Minimum Pulse Width 'VGA|mypll|altpll_component|pll|clk[0]'
Slack : 19.756
TNS   : 0.000

------------------------------------------------------------
